License checkout took 4.094 sec
License checkout took 4.083 sec
Momentum MomEngine_64 2022.10.406 (*) built: Oct  9 2021
Copyright  1992 - 2021 Keysight Technologies
Simulation started on: Wed Mar 11 22:35:50 2026
Simulation Mode: uW
Substrate to be computed from 3 GHz to 4 GHz!
Substrate calculation started
.........|.........|.........|.........| 
Substrate calculation finished
Using the minimal snap distance of 0.004 mil
(4 layout resolution points) for layout healing.
Layout simplification started
.........|.........|.........|.........| 
Layout simplification finished
Generating mesh at 4 GHz...
S-parameter simulation
S-parameter simulation started
...initializing
...extracting layout
...analyzing ports
...reducing mesh
Automatic selection: direct dense matrix solver
Using multi-threading (20 threads)
Matrix size: 11 (reduced: 11)
Simulation temperature: 298.15 K
Adaptive frequency sweep started
Simulation frequency [1] = 3 GHz
...loading Green functions
...creating Basis sections
...allocating interaction matrix
...loading interaction matrix
.........|.........|.........|.........| 
...solving interaction matrix
.........|.........|.........|.........| 
...calculating S-parameters
Simulation frequency [2] = 4 GHz
...loading Green functions
...loading interaction matrix
.........|.........|.........|.........| 
...solving interaction matrix
.........|.........|.........|.........| 
...calculating S-parameters
Adaptive:   0.0 % of frequency range covered
Simulation frequency [3] = 3.66667 GHz
...loading Green functions
...loading interaction matrix
.........|.........|.........|.........| 
...solving interaction matrix
.........|.........|.........|.........| 
...calculating S-parameters
Simulation frequency [4] = 3.33333 GHz
...loading Green functions
...loading interaction matrix
.........|.........|.........|.........| 
...solving interaction matrix
.........|.........|.........|.........| 
...calculating S-parameters
Adaptive: 100.0 % of frequency range covered
S-parameter simulation finished
Simulation finished on: Wed Mar 11 22:35:51 2026
The simulation results have been saved in dataset "sux1_MomUW".
